curl \
	--request POST \
	--header "Accept: application/json" \
	--header "Accept-Encoding: br;q=1.0, gzip;q=0.9, deflate;q=0.8" \
	--header "Accept-Language: en;q=1.0" \
	--header "Content-Type: application/json" \
	--header "apikey: eyJhbGciOiJIUzI1NiIsInR5cCI6IkpXVCJ9.eyJzdWIiOiIxMjM0NTY3ODkwIiwibmFtZSI6IkpvaG4gRG9lIiwiaWF0IjoxNTE2MjM5MDIyfQ.SflKxwRJSMeKKF2QT4fwpMeJf36POk6yJV_adQssw5c" \
	--data "{\"refresh_token\":\"eyJhbGciOiJSUzM4NCIsInR5cCI6IkpXVCJ9.eyJzdWIiOiIxMjM0NTY3ODkwIiwibmFtZSI6IkpvaG4gRG9lIiwiYWRtaW4iOnRydWUsImlhdCI6MTUxNjIzOTAyMn0.o1hC1xYbJolSyh0-bOY230w22zEQSk5TiBfc-OCvtpI2JtYlW-23-8B48NpATozzMHn0j3rE0xVUldxShzy0xeJ7vYAccVXu2Gs9rnTVqouc-UZu_wJHkZiKBL67j8_61L6SXswzPAQu4kVDwAefGf5hyYBUM-80vYZwWPEpLI8K4yCBsF6I9N1yQaZAJmkMp_Iw371Menae4Mp4JusvBJS-s6LrmG2QbiZaFaxVJiW8KlUkWyUCns8-qFl5OMeYlgGFsyvvSHvXCzQrsEXqyCdS4tQJd73ayYA4SPtCb9clz76N1zE5WsV4Z0BYrxeb77oA7jJhh994RAPzCG0hmQ\"}" \
	"https://localhost/auth/v1/token?grant_type=refresh_token"