curl \
	--request POST \
	--header "Accept: application/json" \
	--header "Accept-Encoding: br;q=1.0, gzip;q=0.9, deflate;q=0.8" \
	--header "Accept-Language: en;q=1.0" \
	--header "Content-Type: application/json" \
	--header "apikey: eyJhbGciOiJIUzI1NiIsInR5cCI6IkpXVCJ9.eyJzdWIiOiIxMjM0NTY3ODkwIiwibmFtZSI6IkpvaG4gRG9lIiwiaWF0IjoxNTE2MjM5MDIyfQ.SflKxwRJSMeKKF2QT4fwpMeJf36POk6yJV_adQssw5c" \
	--data "{\"email\":\"test@test.com\",\"data\":{\"dummy\":\"value\"},\"password\":\"test1234\"}" \
	"https://localhost/auth/v1/signup?redirect_to=gotrue-swift://signup"